   1              		.cpu cortex-a9
   2              		.eabi_attribute 28, 1
   3              		.eabi_attribute 20, 1
   4              		.eabi_attribute 21, 1
   5              		.eabi_attribute 23, 3
   6              		.eabi_attribute 24, 1
   7              		.eabi_attribute 25, 1
   8              		.eabi_attribute 26, 1
   9              		.eabi_attribute 30, 1
  10              		.eabi_attribute 34, 0
  11              		.eabi_attribute 18, 4
  12              		.file	"fini.c"
  13              		.text
  14              	.Ltext0:
  15              		.cfi_sections	.debug_frame
  16              		.section	.text.__libc_fini_array,"ax",%progbits
  17              		.align	2
  18              		.global	__libc_fini_array
  19              		.arch armv7-a
  20              		.arch_extension mp
  21              		.arch_extension sec
  22              		.syntax unified
  23              		.arm
  24              		.fpu neon
  26              	__libc_fini_array:
  27              	.LFB0:
  28              		.file 1 "../generate/compiler/init/fini.c"
   1:../generate/compiler/init/fini.c **** /*******************************************************************************
   2:../generate/compiler/init/fini.c **** * DISCLAIMER
   3:../generate/compiler/init/fini.c **** * This software is supplied by Renesas Electronics Corporation and is only
   4:../generate/compiler/init/fini.c **** * intended for use with Renesas products. No other uses are authorized. This
   5:../generate/compiler/init/fini.c **** * software is owned by Renesas Electronics Corporation and is protected under
   6:../generate/compiler/init/fini.c **** * all applicable laws, including copyright laws.
   7:../generate/compiler/init/fini.c **** * THIS SOFTWARE IS PROVIDED "AS IS" AND RENESAS MAKES NO WARRANTIES REGARDING
   8:../generate/compiler/init/fini.c **** * THIS SOFTWARE, WHETHER EXPRESS, IMPLIED OR STATUTORY, INCLUDING BUT NOT
   9:../generate/compiler/init/fini.c **** * LIMITED TO WARRANTIES OF MERCHANTABILITY, FITNESS FOR A PARTICULAR PURPOSE
  10:../generate/compiler/init/fini.c **** * AND NON-INFRINGEMENT. ALL SUCH WARRANTIES ARE EXPRESSLY DISCLAIMED.
  11:../generate/compiler/init/fini.c **** * TO THE MAXIMUM EXTENT PERMITTED NOT PROHIBITED BY LAW, NEITHER RENESAS
  12:../generate/compiler/init/fini.c **** * ELECTRONICS CORPORATION NOR ANY OF ITS AFFILIATED COMPANIES SHALL BE LIABLE
  13:../generate/compiler/init/fini.c **** * FOR ANY DIRECT, INDIRECT, SPECIAL, INCIDENTAL OR CONSEQUENTIAL DAMAGES FOR
  14:../generate/compiler/init/fini.c **** * ANY REASON RELATED TO THIS SOFTWARE, EVEN IF RENESAS OR ITS AFFILIATES HAVE
  15:../generate/compiler/init/fini.c **** * BEEN ADVISED OF THE POSSIBILITY OF SUCH DAMAGES.
  16:../generate/compiler/init/fini.c **** * Renesas reserves the right, without notice, to make changes to this software
  17:../generate/compiler/init/fini.c **** * and to discontinue the availability of this software. By using this software,
  18:../generate/compiler/init/fini.c **** * you agree to the additional terms and conditions found by accessing the
  19:../generate/compiler/init/fini.c **** * following link:
  20:../generate/compiler/init/fini.c **** * http://www.renesas.com/disclaimer
  21:../generate/compiler/init/fini.c **** * Copyright (C) 2018 Renesas Electronics Corporation. All rights reserved.
  22:../generate/compiler/init/fini.c **** *******************************************************************************/
  23:../generate/compiler/init/fini.c **** /*******************************************************************************
  24:../generate/compiler/init/fini.c **** * File Name : fini.c
  25:../generate/compiler/init/fini.c **** * Description :
  26:../generate/compiler/init/fini.c **** ******************************************************************************/
  27:../generate/compiler/init/fini.c **** /*
  28:../generate/compiler/init/fini.c ****  * Copyright (C) 2010 CodeSourcery, Inc.
  29:../generate/compiler/init/fini.c ****  *
  30:../generate/compiler/init/fini.c ****  * Permission to use, copy, modify, and distribute this file
  31:../generate/compiler/init/fini.c ****  * for any purpose is hereby granted without fee, provided that
  32:../generate/compiler/init/fini.c ****  * the above copyright notice and this notice appears in all
  33:../generate/compiler/init/fini.c ****  * copies.
  34:../generate/compiler/init/fini.c ****  *
  35:../generate/compiler/init/fini.c ****  * This file is distributed WITHOUT ANY WARRANTY; without even the implied
  36:../generate/compiler/init/fini.c ****  * warranty of MERCHANTABILITY or FITNESS FOR A PARTICULAR PURPOSE.
  37:../generate/compiler/init/fini.c ****  */
  38:../generate/compiler/init/fini.c **** 
  39:../generate/compiler/init/fini.c **** /* Handle ELF .{pre_init,init,fini}_array sections.  */
  40:../generate/compiler/init/fini.c **** #include <sys/types.h>
  41:../generate/compiler/init/fini.c **** 
  42:../generate/compiler/init/fini.c **** #ifdef HAVE_INITFINI_ARRAY
  43:../generate/compiler/init/fini.c **** extern void (*__fini_array_start []) (void) __attribute__((weak));
  44:../generate/compiler/init/fini.c **** extern void (*__fini_array_end []) (void) __attribute__((weak));
  45:../generate/compiler/init/fini.c **** 
  46:../generate/compiler/init/fini.c **** extern void _fini (void);
  47:../generate/compiler/init/fini.c **** extern void __libc_fini_array (void);
  48:../generate/compiler/init/fini.c **** 
  49:../generate/compiler/init/fini.c **** /* Run all the cleanup routines.  */
  50:../generate/compiler/init/fini.c **** void
  51:../generate/compiler/init/fini.c **** __libc_fini_array (void)
  52:../generate/compiler/init/fini.c **** {
  29              		.loc 1 52 1 view -0
  30              		.cfi_startproc
  31              		@ args = 0, pretend = 0, frame = 0
  32              		@ frame_needed = 0, uses_anonymous_args = 0
  33 0000 10402DE9 		push	{r4, lr}
  34              		.cfi_def_cfa_offset 8
  35              		.cfi_offset 4, -8
  36              		.cfi_offset 14, -4
  53:../generate/compiler/init/fini.c ****   size_t count;
  37              		.loc 1 53 3 view .LVU1
  54:../generate/compiler/init/fini.c ****   size_t i;
  38              		.loc 1 54 3 view .LVU2
  55:../generate/compiler/init/fini.c ****   
  56:../generate/compiler/init/fini.c ****   count = (size_t)(__fini_array_end - __fini_array_start);
  39              		.loc 1 56 3 view .LVU3
  40              		.loc 1 56 37 is_stmt 0 view .LVU4
  41 0004 004000E3 		movw	r4, #:lower16:__fini_array_end
  42 0008 004040E3 		movt	r4, #:upper16:__fini_array_end
  43 000c 003000E3 		movw	r3, #:lower16:__fini_array_start
  44 0010 003040E3 		movt	r3, #:upper16:__fini_array_start
  45 0014 034044E0 		sub	r4, r4, r3
  46              		.loc 1 56 9 view .LVU5
  47 0018 4441A0E1 		asr	r4, r4, #2
  48              	.LVL0:
  57:../generate/compiler/init/fini.c ****   for (i = count; i > 0; i--)
  49              		.loc 1 57 3 is_stmt 1 view .LVU6
  50              	.L2:
  51              		.loc 1 57 19 discriminator 1 view .LVU7
  52              		.loc 1 57 3 is_stmt 0 discriminator 1 view .LVU8
  53 001c 000054E3 		cmp	r4, #0
  54 0020 1080BD08 		popeq	{r4, pc}
  58:../generate/compiler/init/fini.c ****     __fini_array_start[i-1] ();
  55              		.loc 1 58 5 is_stmt 1 discriminator 3 view .LVU9
  56              		.loc 1 58 25 is_stmt 0 discriminator 3 view .LVU10
  57 0024 014044E2 		sub	r4, r4, #1
  58              	.LVL1:
  59              		.loc 1 58 23 discriminator 3 view .LVU11
  60 0028 003000E3 		movw	r3, #:lower16:__fini_array_start
  61              	.LVL2:
  62              		.loc 1 58 23 discriminator 3 view .LVU12
  63 002c 003040E3 		movt	r3, #:upper16:__fini_array_start
  64              	.LVL3:
  65              		.loc 1 58 23 discriminator 3 view .LVU13
  66 0030 043193E7 		ldr	r3, [r3, r4, lsl #2]
  67              		.loc 1 58 5 discriminator 3 view .LVU14
  68 0034 33FF2FE1 		blx	r3
  69              	.LVL4:
  57:../generate/compiler/init/fini.c ****   for (i = count; i > 0; i--)
  70              		.loc 1 57 26 is_stmt 1 discriminator 3 view .LVU15
  57:../generate/compiler/init/fini.c ****   for (i = count; i > 0; i--)
  71              		.loc 1 57 26 is_stmt 0 discriminator 3 view .LVU16
  72 0038 F7FFFFEA 		b	.L2
  73              		.cfi_endproc
  74              	.LFE0:
  76              		.weak	__fini_array_start
  77              		.weak	__fini_array_end
  78              		.text
  79              	.Letext0:
  80              		.file 2 "c:\\program files (x86)\\gnu arm embedded toolchain\\9 2020-q2-update\\lib\\gcc\\arm-none
DEFINED SYMBOLS
                            *ABS*:00000000 fini.c
C:\Users\ryota\AppData\Local\Temp\ccyTWwtI.s:17     .text.__libc_fini_array:00000000 $a
C:\Users\ryota\AppData\Local\Temp\ccyTWwtI.s:26     .text.__libc_fini_array:00000000 __libc_fini_array
                           .group:00000000 wm4.0.3d5c910ebb40df6df78b28e37cd67f3d
                           .group:00000000 wm4._newlib_version.h.4.1ef4e12f167f8b69d7c30054be56050d
                           .group:00000000 wm4.newlib.h.18.1c9fedb6b3cd797cff253cc0fd593ef2
                           .group:00000000 wm4.ieeefp.h.77.3f06799abf5dd88bdddee084775a1223
                           .group:00000000 wm4.features.h.22.fad1cec3bc7ff06488171438dbdcfd02
                           .group:00000000 wm4.config.h.224.c701144a7b0518c6ee9b9b5465b79f81
                           .group:00000000 wm4._ansi.h.31.de524f58584151836e90d8620a16f8e8
                           .group:00000000 wm4._default_types.h.6.959254cf5f09734ea7516c89e8bb21bd
                           .group:00000000 wm4.stddef.h.39.144cf5ddcd53cbfdac30259dc1a6c87f
                           .group:00000000 wm4.cdefs.h.49.6260d97adb8d27534cbdc0f868b8ea87
                           .group:00000000 wm4.types.h.40.8b6acba56cefbb11746718204edc8f5e
                           .group:00000000 wm4._types.h.20.dd0d04dca3800a0d2a6129b87f3adbb2
                           .group:00000000 wm4.stddef.h.155.3588ebfdd1e8c7ede80509bb9c3b8009
                           .group:00000000 wm4._types.h.127.34941de1b2539d59d5cac00e0dd27a45
                           .group:00000000 wm4._stdint.h.10.c24fa3af3bc1706662bb5593a907e841
                           .group:00000000 wm4._endian.h.31.65a10590763c3dde1ac4a7f66d7d4891
                           .group:00000000 wm4.endian.h.9.49f3a4695c1b61e8a0808de3c4a106cb
                           .group:00000000 wm4._timeval.h.32.bec3221fa7a9bb0bdde696c9c57e47d2
                           .group:00000000 wm4.timespec.h.41.d855182eb0e690443ab8651bcedca6e1
                           .group:00000000 wm4.select.h.19.97ca6fd0c752a0f3b6719fd314d361e6
                           .group:00000000 wm4.types.h.51.5571ec98f267d17d3c670b7a3ba33afa
                           .group:00000000 wm4.sched.h.22.c60982713a5c428609783c78f9c78d95
                           .group:00000000 wm4._pthreadtypes.h.36.fcee9961c35163dde6267ef772ad1972

UNDEFINED SYMBOLS
__fini_array_end
__fini_array_start
