   1              		.cpu cortex-a9
   2              		.eabi_attribute 28, 1
   3              		.eabi_attribute 20, 1
   4              		.eabi_attribute 21, 1
   5              		.eabi_attribute 23, 3
   6              		.eabi_attribute 24, 1
   7              		.eabi_attribute 25, 1
   8              		.eabi_attribute 26, 1
   9              		.eabi_attribute 30, 1
  10              		.eabi_attribute 34, 0
  11              		.eabi_attribute 18, 4
  12              		.file	"r_dmac_hld_prv.c"
  13              		.text
  14              	.Ltext0:
  15              		.cfi_sections	.debug_frame
  16              		.section	.text.r_dmac_hld_prv_dma_init,"ax",%progbits
  17              		.align	2
  18              		.global	r_dmac_hld_prv_dma_init
  19              		.arch armv7-a
  20              		.arch_extension mp
  21              		.arch_extension sec
  22              		.syntax unified
  23              		.arm
  24              		.fpu neon
  26              	r_dmac_hld_prv_dma_init:
  27              	.LFB6:
  28              		.file 1 "../generate/sc_drivers/r_dmac/src/hld/r_dmac_hld_prv.c"
   1:../generate/sc_drivers/r_dmac/src/hld/r_dmac_hld_prv.c **** /*******************************************************************************
   2:../generate/sc_drivers/r_dmac/src/hld/r_dmac_hld_prv.c ****  * DISCLAIMER
   3:../generate/sc_drivers/r_dmac/src/hld/r_dmac_hld_prv.c ****  * This software is supplied by Renesas Electronics Corporation and is only
   4:../generate/sc_drivers/r_dmac/src/hld/r_dmac_hld_prv.c ****  * intended for use with Renesas products. No other uses are authorized. This
   5:../generate/sc_drivers/r_dmac/src/hld/r_dmac_hld_prv.c ****  * software is owned by Renesas Electronics Corporation and is protected under
   6:../generate/sc_drivers/r_dmac/src/hld/r_dmac_hld_prv.c ****  * all applicable laws, including copyright laws.
   7:../generate/sc_drivers/r_dmac/src/hld/r_dmac_hld_prv.c ****  * THIS SOFTWARE IS PROVIDED "AS IS" AND RENESAS MAKES NO WARRANTIES REGARDING
   8:../generate/sc_drivers/r_dmac/src/hld/r_dmac_hld_prv.c ****  * THIS SOFTWARE, WHETHER EXPRESS, IMPLIED OR STATUTORY, INCLUDING BUT NOT
   9:../generate/sc_drivers/r_dmac/src/hld/r_dmac_hld_prv.c ****  * LIMITED TO WARRANTIES OF MERCHANTABILITY, FITNESS FOR A PARTICULAR PURPOSE
  10:../generate/sc_drivers/r_dmac/src/hld/r_dmac_hld_prv.c ****  * AND NON-INFRINGEMENT. ALL SUCH WARRANTIES ARE EXPRESSLY DISCLAIMED.
  11:../generate/sc_drivers/r_dmac/src/hld/r_dmac_hld_prv.c ****  * TO THE MAXIMUM EXTENT PERMITTED NOT PROHIBITED BY LAW, NEITHER RENESAS
  12:../generate/sc_drivers/r_dmac/src/hld/r_dmac_hld_prv.c ****  * ELECTRONICS CORPORATION NOR ANY OF ITS AFFILIATED COMPANIES SHALL BE LIABLE
  13:../generate/sc_drivers/r_dmac/src/hld/r_dmac_hld_prv.c ****  * FOR ANY DIRECT, INDIRECT, SPECIAL, INCIDENTAL OR CONSEQUENTIAL DAMAGES FOR
  14:../generate/sc_drivers/r_dmac/src/hld/r_dmac_hld_prv.c ****  * ANY REASON RELATED TO THIS SOFTWARE, EVEN IF RENESAS OR ITS AFFILIATES HAVE
  15:../generate/sc_drivers/r_dmac/src/hld/r_dmac_hld_prv.c ****  * BEEN ADVISED OF THE POSSIBILITY OF SUCH DAMAGES.
  16:../generate/sc_drivers/r_dmac/src/hld/r_dmac_hld_prv.c ****  * Renesas reserves the right, without notice, to make changes to this software
  17:../generate/sc_drivers/r_dmac/src/hld/r_dmac_hld_prv.c ****  * and to discontinue the availability of this software. By using this software,
  18:../generate/sc_drivers/r_dmac/src/hld/r_dmac_hld_prv.c ****  * you agree to the additional terms and conditions found by accessing the
  19:../generate/sc_drivers/r_dmac/src/hld/r_dmac_hld_prv.c ****  * following link:
  20:../generate/sc_drivers/r_dmac/src/hld/r_dmac_hld_prv.c ****  * http://www.renesas.com/disclaimer
  21:../generate/sc_drivers/r_dmac/src/hld/r_dmac_hld_prv.c ****  * Copyright (C) 2018 Renesas Electronics Corporation. All rights reserved.
  22:../generate/sc_drivers/r_dmac/src/hld/r_dmac_hld_prv.c ****  ******************************************************************************/
  23:../generate/sc_drivers/r_dmac/src/hld/r_dmac_hld_prv.c **** /*******************************************************************************
  24:../generate/sc_drivers/r_dmac/src/hld/r_dmac_hld_prv.c ****  * @file         r_dmac_hld_prv.c
  25:../generate/sc_drivers/r_dmac/src/hld/r_dmac_hld_prv.c ****  * @version      1.0
  26:../generate/sc_drivers/r_dmac/src/hld/r_dmac_hld_prv.c ****  * @description  DMAC high layer device driver private functions
  27:../generate/sc_drivers/r_dmac/src/hld/r_dmac_hld_prv.c ****  ******************************************************************************
  28:../generate/sc_drivers/r_dmac/src/hld/r_dmac_hld_prv.c ****  * History      : DD.MM.YYYY Version Description
  29:../generate/sc_drivers/r_dmac/src/hld/r_dmac_hld_prv.c ****  *              : 03.09.2018 1.00    First Release
  30:../generate/sc_drivers/r_dmac/src/hld/r_dmac_hld_prv.c ****  ******************************************************************************/
  31:../generate/sc_drivers/r_dmac/src/hld/r_dmac_hld_prv.c **** 
  32:../generate/sc_drivers/r_dmac/src/hld/r_dmac_hld_prv.c **** /******************************************************************************
  33:../generate/sc_drivers/r_dmac/src/hld/r_dmac_hld_prv.c ****  Includes   <System Includes> , "Project Includes"
  34:../generate/sc_drivers/r_dmac/src/hld/r_dmac_hld_prv.c ****  ******************************************************************************/
  35:../generate/sc_drivers/r_dmac/src/hld/r_dmac_hld_prv.c **** 
  36:../generate/sc_drivers/r_dmac/src/hld/r_dmac_hld_prv.c **** #include "r_dmac_drv_api.h"
  37:../generate/sc_drivers/r_dmac/src/hld/r_dmac_hld_prv.c **** #include "r_dmac_drv_link.h"    /* Link include to low layer driver */
  38:../generate/sc_drivers/r_dmac/src/hld/r_dmac_hld_prv.c **** 
  39:../generate/sc_drivers/r_dmac/src/hld/r_dmac_hld_prv.c **** #include "r_dmac_hld_prv.h"
  40:../generate/sc_drivers/r_dmac/src/hld/r_dmac_hld_prv.c **** 
  41:../generate/sc_drivers/r_dmac/src/hld/r_dmac_hld_prv.c **** /*****************************************************************************
  42:../generate/sc_drivers/r_dmac/src/hld/r_dmac_hld_prv.c ****  Constant Data
  43:../generate/sc_drivers/r_dmac/src/hld/r_dmac_hld_prv.c ****  ******************************************************************************/
  44:../generate/sc_drivers/r_dmac/src/hld/r_dmac_hld_prv.c **** 
  45:../generate/sc_drivers/r_dmac/src/hld/r_dmac_hld_prv.c **** /******************************************************************************
  46:../generate/sc_drivers/r_dmac/src/hld/r_dmac_hld_prv.c ****  External global variables
  47:../generate/sc_drivers/r_dmac/src/hld/r_dmac_hld_prv.c ****  ******************************************************************************/
  48:../generate/sc_drivers/r_dmac/src/hld/r_dmac_hld_prv.c **** 
  49:../generate/sc_drivers/r_dmac/src/hld/r_dmac_hld_prv.c **** /**
  50:../generate/sc_drivers/r_dmac/src/hld/r_dmac_hld_prv.c ****  *                 r_dmac_hld_prv_dma_init
  51:../generate/sc_drivers/r_dmac/src/hld/r_dmac_hld_prv.c ****  * @brief          Initialise the DMAC driver
  52:../generate/sc_drivers/r_dmac/src/hld/r_dmac_hld_prv.c ****  * @retval         None
  53:../generate/sc_drivers/r_dmac/src/hld/r_dmac_hld_prv.c ****  */
  54:../generate/sc_drivers/r_dmac/src/hld/r_dmac_hld_prv.c **** void r_dmac_hld_prv_dma_init (void)
  55:../generate/sc_drivers/r_dmac/src/hld/r_dmac_hld_prv.c **** {
  29              		.loc 1 55 1 view -0
  30              		.cfi_startproc
  31              		@ args = 0, pretend = 0, frame = 0
  32              		@ frame_needed = 0, uses_anonymous_args = 0
  33 0000 10402DE9 		push	{r4, lr}
  34              		.cfi_def_cfa_offset 8
  35              		.cfi_offset 4, -8
  36              		.cfi_offset 14, -4
  56:../generate/sc_drivers/r_dmac/src/hld/r_dmac_hld_prv.c ****     /* initialise data used by the Low Layer Driver */
  57:../generate/sc_drivers/r_dmac/src/hld/r_dmac_hld_prv.c ****     R_DMAC_InitialiseData();
  37              		.loc 1 57 5 view .LVU1
  38 0004 FEFFFFEB 		bl	R_DMAC_InitialiseData
  39              	.LVL0:
  58:../generate/sc_drivers/r_dmac/src/hld/r_dmac_hld_prv.c **** 
  59:../generate/sc_drivers/r_dmac/src/hld/r_dmac_hld_prv.c ****     /* initialise the hardware */
  60:../generate/sc_drivers/r_dmac/src/hld/r_dmac_hld_prv.c ****     R_DMAC_HWInitialise();
  40              		.loc 1 60 5 view .LVU2
  41 0008 FEFFFFEB 		bl	R_DMAC_HWInitialise
  42              	.LVL1:
  61:../generate/sc_drivers/r_dmac/src/hld/r_dmac_hld_prv.c **** 
  62:../generate/sc_drivers/r_dmac/src/hld/r_dmac_hld_prv.c ****     /* initialise interrupts */
  63:../generate/sc_drivers/r_dmac/src/hld/r_dmac_hld_prv.c ****     R_DMAC_InitialiseInterrupts();
  43              		.loc 1 63 5 view .LVU3
  44 000c FEFFFFEB 		bl	R_DMAC_InitialiseInterrupts
  45              	.LVL2:
  64:../generate/sc_drivers/r_dmac/src/hld/r_dmac_hld_prv.c **** }
  46              		.loc 1 64 1 is_stmt 0 view .LVU4
  47 0010 1080BDE8 		pop	{r4, pc}
  48              		.cfi_endproc
  49              	.LFE6:
  51              		.section	.text.r_dmac_hld_prv_dma_uninit,"ax",%progbits
  52              		.align	2
  53              		.global	r_dmac_hld_prv_dma_uninit
  54              		.syntax unified
  55              		.arm
  56              		.fpu neon
  58              	r_dmac_hld_prv_dma_uninit:
  59              	.LFB7:
  65:../generate/sc_drivers/r_dmac/src/hld/r_dmac_hld_prv.c **** /**************************************************************************************************
  66:../generate/sc_drivers/r_dmac/src/hld/r_dmac_hld_prv.c ****  End of function r_dmac_hld_prv_dma_init
  67:../generate/sc_drivers/r_dmac/src/hld/r_dmac_hld_prv.c ****  **************************************************************************************************
  68:../generate/sc_drivers/r_dmac/src/hld/r_dmac_hld_prv.c **** 
  69:../generate/sc_drivers/r_dmac/src/hld/r_dmac_hld_prv.c **** /**
  70:../generate/sc_drivers/r_dmac/src/hld/r_dmac_hld_prv.c ****  *                 r_dmac_hld_prv_dma_uninit
  71:../generate/sc_drivers/r_dmac/src/hld/r_dmac_hld_prv.c ****  * @brief          Uninitialise the DMAC driver
  72:../generate/sc_drivers/r_dmac/src/hld/r_dmac_hld_prv.c ****  * @retval         None
  73:../generate/sc_drivers/r_dmac/src/hld/r_dmac_hld_prv.c ****  */
  74:../generate/sc_drivers/r_dmac/src/hld/r_dmac_hld_prv.c **** void r_dmac_hld_prv_dma_uninit (void)
  75:../generate/sc_drivers/r_dmac/src/hld/r_dmac_hld_prv.c **** {
  60              		.loc 1 75 1 is_stmt 1 view -0
  61              		.cfi_startproc
  62              		@ args = 0, pretend = 0, frame = 0
  63              		@ frame_needed = 0, uses_anonymous_args = 0
  64 0000 10402DE9 		push	{r4, lr}
  65              		.cfi_def_cfa_offset 8
  66              		.cfi_offset 4, -8
  67              		.cfi_offset 14, -4
  76:../generate/sc_drivers/r_dmac/src/hld/r_dmac_hld_prv.c ****     R_DMAC_UnInitialiseInterrupts();
  68              		.loc 1 76 5 view .LVU6
  69 0004 FEFFFFEB 		bl	R_DMAC_UnInitialiseInterrupts
  70              	.LVL3:
  77:../generate/sc_drivers/r_dmac/src/hld/r_dmac_hld_prv.c **** 
  78:../generate/sc_drivers/r_dmac/src/hld/r_dmac_hld_prv.c ****     R_DMAC_HWUninitialise();
  71              		.loc 1 78 5 view .LVU7
  72 0008 FEFFFFEB 		bl	R_DMAC_HWUninitialise
  73              	.LVL4:
  79:../generate/sc_drivers/r_dmac/src/hld/r_dmac_hld_prv.c **** }
  74              		.loc 1 79 1 is_stmt 0 view .LVU8
  75 000c 1080BDE8 		pop	{r4, pc}
  76              		.cfi_endproc
  77              	.LFE7:
  79              		.section	.text.r_dmac_hld_prv_dma_enable,"ax",%progbits
  80              		.align	2
  81              		.global	r_dmac_hld_prv_dma_enable
  82              		.syntax unified
  83              		.arm
  84              		.fpu neon
  86              	r_dmac_hld_prv_dma_enable:
  87              	.LVL5:
  88              	.LFB8:
  80:../generate/sc_drivers/r_dmac/src/hld/r_dmac_hld_prv.c **** /**************************************************************************************************
  81:../generate/sc_drivers/r_dmac/src/hld/r_dmac_hld_prv.c ****  End of function r_dmac_hld_prv_dma_uninit
  82:../generate/sc_drivers/r_dmac/src/hld/r_dmac_hld_prv.c ****  **************************************************************************************************
  83:../generate/sc_drivers/r_dmac/src/hld/r_dmac_hld_prv.c **** 
  84:../generate/sc_drivers/r_dmac/src/hld/r_dmac_hld_prv.c **** /**
  85:../generate/sc_drivers/r_dmac/src/hld/r_dmac_hld_prv.c ****  *                 r_dmac_hld_prv_dma_enable
  86:../generate/sc_drivers/r_dmac/src/hld/r_dmac_hld_prv.c ****  * @brief          Enable a DMA transfer
  87:../generate/sc_drivers/r_dmac/src/hld/r_dmac_hld_prv.c ****  * @param[in]      sc_config_index: the SC config index
  88:../generate/sc_drivers/r_dmac/src/hld/r_dmac_hld_prv.c ****  * @retval         DRV_SUCCESS: Success
  89:../generate/sc_drivers/r_dmac/src/hld/r_dmac_hld_prv.c ****  *                 DRV_ERROR:   Failure
  90:../generate/sc_drivers/r_dmac/src/hld/r_dmac_hld_prv.c ****  */
  91:../generate/sc_drivers/r_dmac/src/hld/r_dmac_hld_prv.c **** e_r_drv_dmac_err_t r_dmac_hld_prv_dma_enable (uint_t sc_config_index)
  92:../generate/sc_drivers/r_dmac/src/hld/r_dmac_hld_prv.c **** {
  89              		.loc 1 92 1 is_stmt 1 view -0
  90              		.cfi_startproc
  91              		@ args = 0, pretend = 0, frame = 0
  92              		@ frame_needed = 0, uses_anonymous_args = 0
  93              		.loc 1 92 1 is_stmt 0 view .LVU10
  94 0000 10402DE9 		push	{r4, lr}
  95              		.cfi_def_cfa_offset 8
  96              		.cfi_offset 4, -8
  97              		.cfi_offset 14, -4
  98 0004 0040A0E1 		mov	r4, r0
  93:../generate/sc_drivers/r_dmac/src/hld/r_dmac_hld_prv.c ****     R_DMAC_EnableChannelInterrupt(sc_config_index);
  99              		.loc 1 93 5 is_stmt 1 view .LVU11
 100 0008 FEFFFFEB 		bl	R_DMAC_EnableChannelInterrupt
 101              	.LVL6:
  94:../generate/sc_drivers/r_dmac/src/hld/r_dmac_hld_prv.c **** 
  95:../generate/sc_drivers/r_dmac/src/hld/r_dmac_hld_prv.c ****     return R_DMAC_Enable(sc_config_index, false);
 102              		.loc 1 95 5 view .LVU12
 103              		.loc 1 95 12 is_stmt 0 view .LVU13
 104 000c 0010A0E3 		mov	r1, #0
 105 0010 0400A0E1 		mov	r0, r4
 106 0014 FEFFFFEB 		bl	R_DMAC_Enable
 107              	.LVL7:
  96:../generate/sc_drivers/r_dmac/src/hld/r_dmac_hld_prv.c **** }
 108              		.loc 1 96 1 view .LVU14
 109 0018 1080BDE8 		pop	{r4, pc}
 110              		.cfi_endproc
 111              	.LFE8:
 113              		.section	.text.r_dmac_hld_prv_dma_disable,"ax",%progbits
 114              		.align	2
 115              		.global	r_dmac_hld_prv_dma_disable
 116              		.syntax unified
 117              		.arm
 118              		.fpu neon
 120              	r_dmac_hld_prv_dma_disable:
 121              	.LVL8:
 122              	.LFB9:
  97:../generate/sc_drivers/r_dmac/src/hld/r_dmac_hld_prv.c **** /**************************************************************************************************
  98:../generate/sc_drivers/r_dmac/src/hld/r_dmac_hld_prv.c ****  End of function r_dmac_hld_prv_dma_enable
  99:../generate/sc_drivers/r_dmac/src/hld/r_dmac_hld_prv.c ****  **************************************************************************************************
 100:../generate/sc_drivers/r_dmac/src/hld/r_dmac_hld_prv.c **** 
 101:../generate/sc_drivers/r_dmac/src/hld/r_dmac_hld_prv.c **** /**
 102:../generate/sc_drivers/r_dmac/src/hld/r_dmac_hld_prv.c ****  *                 r_dmac_hld_prv_dma_disable
 103:../generate/sc_drivers/r_dmac/src/hld/r_dmac_hld_prv.c ****  * @brief          Disable a DMA transfer
 104:../generate/sc_drivers/r_dmac/src/hld/r_dmac_hld_prv.c ****  * @param[in]      sc_config_index: the SC config index
 105:../generate/sc_drivers/r_dmac/src/hld/r_dmac_hld_prv.c ****  * @retval         DRV_SUCCESS: Success
 106:../generate/sc_drivers/r_dmac/src/hld/r_dmac_hld_prv.c ****  *                 DRV_ERROR:   Failure
 107:../generate/sc_drivers/r_dmac/src/hld/r_dmac_hld_prv.c ****  */
 108:../generate/sc_drivers/r_dmac/src/hld/r_dmac_hld_prv.c **** e_r_drv_dmac_err_t r_dmac_hld_prv_dma_disable (uint_t sc_config_index, uint32_t *remaining_data_len
 109:../generate/sc_drivers/r_dmac/src/hld/r_dmac_hld_prv.c **** {
 123              		.loc 1 109 1 is_stmt 1 view -0
 124              		.cfi_startproc
 125              		@ args = 0, pretend = 0, frame = 0
 126              		@ frame_needed = 0, uses_anonymous_args = 0
 127              		.loc 1 109 1 is_stmt 0 view .LVU16
 128 0000 70402DE9 		push	{r4, r5, r6, lr}
 129              		.cfi_def_cfa_offset 16
 130              		.cfi_offset 4, -16
 131              		.cfi_offset 5, -12
 132              		.cfi_offset 6, -8
 133              		.cfi_offset 14, -4
 134 0004 0040A0E1 		mov	r4, r0
 135 0008 0150A0E1 		mov	r5, r1
 110:../generate/sc_drivers/r_dmac/src/hld/r_dmac_hld_prv.c ****     R_DMAC_DisableChannelInterrupt(sc_config_index);
 136              		.loc 1 110 5 is_stmt 1 view .LVU17
 137 000c FEFFFFEB 		bl	R_DMAC_DisableChannelInterrupt
 138              	.LVL9:
 111:../generate/sc_drivers/r_dmac/src/hld/r_dmac_hld_prv.c **** 
 112:../generate/sc_drivers/r_dmac/src/hld/r_dmac_hld_prv.c ****     return R_DMAC_Disable(sc_config_index, remaining_data_length);
 139              		.loc 1 112 5 view .LVU18
 140              		.loc 1 112 12 is_stmt 0 view .LVU19
 141 0010 0510A0E1 		mov	r1, r5
 142 0014 0400A0E1 		mov	r0, r4
 143 0018 FEFFFFEB 		bl	R_DMAC_Disable
 144              	.LVL10:
 113:../generate/sc_drivers/r_dmac/src/hld/r_dmac_hld_prv.c **** }
 145              		.loc 1 113 1 view .LVU20
 146 001c 7080BDE8 		pop	{r4, r5, r6, pc}
 147              		.cfi_endproc
 148              	.LFE9:
 150              		.section	.text.r_dmac_hld_prv_open,"ax",%progbits
 151              		.align	2
 152              		.global	r_dmac_hld_prv_open
 153              		.syntax unified
 154              		.arm
 155              		.fpu neon
 157              	r_dmac_hld_prv_open:
 158              	.LVL11:
 159              	.LFB10:
 114:../generate/sc_drivers/r_dmac/src/hld/r_dmac_hld_prv.c **** /**************************************************************************************************
 115:../generate/sc_drivers/r_dmac/src/hld/r_dmac_hld_prv.c ****  End of function r_dmac_hld_prv_dma_disable
 116:../generate/sc_drivers/r_dmac/src/hld/r_dmac_hld_prv.c ****  **************************************************************************************************
 117:../generate/sc_drivers/r_dmac/src/hld/r_dmac_hld_prv.c **** 
 118:../generate/sc_drivers/r_dmac/src/hld/r_dmac_hld_prv.c **** /**
 119:../generate/sc_drivers/r_dmac/src/hld/r_dmac_hld_prv.c ****  *                 r_dmac_hld_prv_open
 120:../generate/sc_drivers/r_dmac/src/hld/r_dmac_hld_prv.c ****  * @brief          Configures a DMA channel according to the Smart Configurator
 121:../generate/sc_drivers/r_dmac/src/hld/r_dmac_hld_prv.c ****  * @param[in]      sc_config_index: the SC config index to open
 122:../generate/sc_drivers/r_dmac/src/hld/r_dmac_hld_prv.c ****  * @retval         DRV_SUCCESS: Success
 123:../generate/sc_drivers/r_dmac/src/hld/r_dmac_hld_prv.c ****  *                 DRV_ERROR:   Failure
 124:../generate/sc_drivers/r_dmac/src/hld/r_dmac_hld_prv.c ****  */
 125:../generate/sc_drivers/r_dmac/src/hld/r_dmac_hld_prv.c **** int_t r_dmac_hld_prv_open (uint_t sc_config_index)
 126:../generate/sc_drivers/r_dmac/src/hld/r_dmac_hld_prv.c **** {
 160              		.loc 1 126 1 is_stmt 1 view -0
 161              		.cfi_startproc
 162              		@ args = 0, pretend = 0, frame = 0
 163              		@ frame_needed = 0, uses_anonymous_args = 0
 164              		.loc 1 126 1 is_stmt 0 view .LVU22
 165 0000 10402DE9 		push	{r4, lr}
 166              		.cfi_def_cfa_offset 8
 167              		.cfi_offset 4, -8
 168              		.cfi_offset 14, -4
 127:../generate/sc_drivers/r_dmac/src/hld/r_dmac_hld_prv.c ****     int_t return_value = DRV_ERROR;
 169              		.loc 1 127 5 is_stmt 1 view .LVU23
 170              	.LVL12:
 128:../generate/sc_drivers/r_dmac/src/hld/r_dmac_hld_prv.c **** 
 129:../generate/sc_drivers/r_dmac/src/hld/r_dmac_hld_prv.c ****     if (R_DMAC_OpenChannel(sc_config_index) == DMAC_SUCCESS)
 171              		.loc 1 129 5 view .LVU24
 172              		.loc 1 129 9 is_stmt 0 view .LVU25
 173 0004 FEFFFFEB 		bl	R_DMAC_OpenChannel
 174              	.LVL13:
 175              		.loc 1 129 8 view .LVU26
 176 0008 000050E3 		cmp	r0, #0
 177 000c 0100001A 		bne	.L13
 130:../generate/sc_drivers/r_dmac/src/hld/r_dmac_hld_prv.c ****     {
 131:../generate/sc_drivers/r_dmac/src/hld/r_dmac_hld_prv.c ****         return_value = DRV_SUCCESS;
 178              		.loc 1 131 22 view .LVU27
 179 0010 0000A0E3 		mov	r0, #0
 180              	.LVL14:
 132:../generate/sc_drivers/r_dmac/src/hld/r_dmac_hld_prv.c ****     }
 133:../generate/sc_drivers/r_dmac/src/hld/r_dmac_hld_prv.c **** 
 134:../generate/sc_drivers/r_dmac/src/hld/r_dmac_hld_prv.c ****     return return_value;
 181              		.loc 1 134 5 is_stmt 1 view .LVU28
 135:../generate/sc_drivers/r_dmac/src/hld/r_dmac_hld_prv.c **** }
 182              		.loc 1 135 1 is_stmt 0 view .LVU29
 183 0014 1080BDE8 		pop	{r4, pc}
 184              	.LVL15:
 185              	.L13:
 127:../generate/sc_drivers/r_dmac/src/hld/r_dmac_hld_prv.c **** 
 186              		.loc 1 127 11 view .LVU30
 187 0018 0000E0E3 		mvn	r0, #0
 188 001c 1080BDE8 		pop	{r4, pc}
 189              		.cfi_endproc
 190              	.LFE10:
 192              		.text
 193              	.Letext0:
 194              		.file 2 "c:\\program files (x86)\\gnu arm embedded toolchain\\9 2020-q2-update\\arm-none-eabi\\inc
 195              		.file 3 "c:\\program files (x86)\\gnu arm embedded toolchain\\9 2020-q2-update\\arm-none-eabi\\inc
 196              		.file 4 "c:\\program files (x86)\\gnu arm embedded toolchain\\9 2020-q2-update\\lib\\gcc\\arm-none
 197              		.file 5 "c:\\program files (x86)\\gnu arm embedded toolchain\\9 2020-q2-update\\arm-none-eabi\\inc
 198              		.file 6 "c:\\program files (x86)\\gnu arm embedded toolchain\\9 2020-q2-update\\arm-none-eabi\\inc
 199              		.file 7 "c:\\program files (x86)\\gnu arm embedded toolchain\\9 2020-q2-update\\arm-none-eabi\\inc
 200              		.file 8 "c:\\program files (x86)\\gnu arm embedded toolchain\\9 2020-q2-update\\arm-none-eabi\\inc
 201              		.file 9 "C:/Users/ryota/e2_studio/workspace/rza2m_ssif_sample_freertos_gcc/generate/system/inc/r_t
 202              		.file 10 "c:\\program files (x86)\\gnu arm embedded toolchain\\9 2020-q2-update\\arm-none-eabi\\in
 203              		.file 11 "c:\\program files (x86)\\gnu arm embedded toolchain\\9 2020-q2-update\\arm-none-eabi\\in
 204              		.file 12 "C:/Users/ryota/e2_studio/workspace/rza2m_ssif_sample_freertos_gcc/generate/system/inc/dr
 205              		.file 13 "C:\\Users\\ryota\\e2_studio\\workspace\\rza2m_ssif_sample_freertos_gcc\\generate\\sc_dri
 206              		.file 14 "C:\\Users\\ryota\\e2_studio\\workspace\\rza2m_ssif_sample_freertos_gcc\\generate\\sc_dri
 207              		.file 15 "C:/Users/ryota/e2_studio/workspace/rza2m_ssif_sample_freertos_gcc/generate/os_abstractio
 208              		.file 16 "C:/Users/ryota/e2_studio/workspace/rza2m_ssif_sample_freertos_gcc/generate/drivers/r_int
 209              		.file 17 "C:\\Users\\ryota\\e2_studio\\workspace\\rza2m_ssif_sample_freertos_gcc\\generate\\sc_dri
 210              		.file 18 "C:\\Users\\ryota\\e2_studio\\workspace\\rza2m_ssif_sample_freertos_gcc\\generate\\sc_dri
DEFINED SYMBOLS
                            *ABS*:00000000 r_dmac_hld_prv.c
C:\Users\ryota\AppData\Local\Temp\ccg2iPkx.s:17     .text.r_dmac_hld_prv_dma_init:00000000 $a
C:\Users\ryota\AppData\Local\Temp\ccg2iPkx.s:26     .text.r_dmac_hld_prv_dma_init:00000000 r_dmac_hld_prv_dma_init
C:\Users\ryota\AppData\Local\Temp\ccg2iPkx.s:52     .text.r_dmac_hld_prv_dma_uninit:00000000 $a
C:\Users\ryota\AppData\Local\Temp\ccg2iPkx.s:58     .text.r_dmac_hld_prv_dma_uninit:00000000 r_dmac_hld_prv_dma_uninit
C:\Users\ryota\AppData\Local\Temp\ccg2iPkx.s:80     .text.r_dmac_hld_prv_dma_enable:00000000 $a
C:\Users\ryota\AppData\Local\Temp\ccg2iPkx.s:86     .text.r_dmac_hld_prv_dma_enable:00000000 r_dmac_hld_prv_dma_enable
C:\Users\ryota\AppData\Local\Temp\ccg2iPkx.s:114    .text.r_dmac_hld_prv_dma_disable:00000000 $a
C:\Users\ryota\AppData\Local\Temp\ccg2iPkx.s:120    .text.r_dmac_hld_prv_dma_disable:00000000 r_dmac_hld_prv_dma_disable
C:\Users\ryota\AppData\Local\Temp\ccg2iPkx.s:151    .text.r_dmac_hld_prv_open:00000000 $a
C:\Users\ryota\AppData\Local\Temp\ccg2iPkx.s:157    .text.r_dmac_hld_prv_open:00000000 r_dmac_hld_prv_open
                           .group:00000000 wm4.0.3d5c910ebb40df6df78b28e37cd67f3d
                           .group:00000000 wm4.stddef.h.39.144cf5ddcd53cbfdac30259dc1a6c87f
                           .group:00000000 wm4._newlib_version.h.4.1ef4e12f167f8b69d7c30054be56050d
                           .group:00000000 wm4.features.h.33.318b64d71e0957639cfb30f1db1f7ec8
                           .group:00000000 wm4._default_types.h.15.247e5cd201eca3442cbf5404108c4935
                           .group:00000000 wm4._intsup.h.10.48bafbb683905c4daa4565a85aeeb264
                           .group:00000000 wm4._stdint.h.10.c24fa3af3bc1706662bb5593a907e841
                           .group:00000000 wm4.stdint.h.23.d53047a68f4a85177f80b422d52785ed
                           .group:00000000 wm4.newlib.h.8.7cb3972cd43265932d4782d5eb589854
                           .group:00000000 wm4.ieeefp.h.77.3f06799abf5dd88bdddee084775a1223
                           .group:00000000 wm4.config.h.224.c701144a7b0518c6ee9b9b5465b79f81
                           .group:00000000 wm4._ansi.h.31.de524f58584151836e90d8620a16f8e8
                           .group:00000000 wm4._types.h.20.dd0d04dca3800a0d2a6129b87f3adbb2
                           .group:00000000 wm4.stddef.h.155.3588ebfdd1e8c7ede80509bb9c3b8009
                           .group:00000000 wm4._types.h.127.34941de1b2539d59d5cac00e0dd27a45
                           .group:00000000 wm4.reent.h.17.e292bf8b0bec6c96e131a54347145a30
                           .group:00000000 wm4.lock.h.2.1461d1fff82dffe8bfddc23307f6484f
                           .group:00000000 wm4.reent.h.77.dcd6129ff07fe81bd5636db29abe53b2
                           .group:00000000 wm4.cdefs.h.49.6260d97adb8d27534cbdc0f868b8ea87
                           .group:00000000 wm4.math.h.13.97100c05caf9f40dd9f5a3cda48ccc01
                           .group:00000000 wm4.r_typedefs.h.38.e90d9de5300d9ae020e5db8c5af88b3e
                           .group:00000000 wm4.stdio.h.27.3fc80220048df77954e38daec3bb9670
                           .group:00000000 wm4.stddef.h.155.ba788add86a0e365f264484f110c3c29
                           .group:00000000 wm4.stdarg.h.34.3a23a216c0c293b3d2ea2e89281481e6
                           .group:00000000 wm4.types.h.40.8b6acba56cefbb11746718204edc8f5e
                           .group:00000000 wm4._endian.h.31.65a10590763c3dde1ac4a7f66d7d4891
                           .group:00000000 wm4.endian.h.9.49f3a4695c1b61e8a0808de3c4a106cb
                           .group:00000000 wm4._timeval.h.32.bec3221fa7a9bb0bdde696c9c57e47d2
                           .group:00000000 wm4.timespec.h.41.d855182eb0e690443ab8651bcedca6e1
                           .group:00000000 wm4.select.h.19.97ca6fd0c752a0f3b6719fd314d361e6
                           .group:00000000 wm4.types.h.51.5571ec98f267d17d3c670b7a3ba33afa
                           .group:00000000 wm4.sched.h.22.c60982713a5c428609783c78f9c78d95
                           .group:00000000 wm4._pthreadtypes.h.36.fcee9961c35163dde6267ef772ad1972
                           .group:00000000 wm4.stdio.h.2.4aa87247282eca6c8f36f9de33d8df1a
                           .group:00000000 wm4.stdio.h.81.932d0c162786b883f622b8d05c120c78
                           .group:00000000 wm4.stdlib.h.13.4ed386f5c1a80d71e72172885d946ef2
                           .group:00000000 wm4.alloca.h.8.dfc0c703c47ec3e69746825b17d9e66d
                           .group:00000000 wm4.stdlib.h.56.f4862cfbf4363a1db01842d5bdf72c18
                           .group:00000000 wm4.reent.h.91.b3ea049ebc5486622b61409b78486f84
                           .group:00000000 wm4._default_fcntl.h.6.791f38f41eee7843f224ce48f47caa9b
                           .group:00000000 wm4.time.h.8.db4619001f026d0b4874c029fef0e91f
                           .group:00000000 wm4.time.h.2.4581ce0ffb6627cfc02162c94bf846c9
                           .group:00000000 wm4.time.h.25.0e6a0fdbc9955f5707ed54246ed2e089
                           .group:00000000 wm4.time.h.162.85256a1e684b58f061361067da714e0e
                           .group:00000000 wm4.stat.h.54.5a9b823658423102e7a8de4ed089eedc
                           .group:00000000 wm4.fcntl.h.9.9336f33d7f5028f694c75e6e224e0cf7
                           .group:00000000 wm4.driver.h.34.180df73e0731406f5e50150641059ede
                           .group:00000000 wm4.r_devlink_wrapper.h.72.ad1de4c851513efa3aed0532ebca7ca2
                           .group:00000000 wm4.syslimits.h.38.a5cadcb164df32bfe95032c693331b67
                           .group:00000000 wm4.limits.h.9.70fb0ada6f71b16202a66baaa6d8ea70
                           .group:00000000 wm4.limits.h.60.56a1ae353e2028a24298ec6463b8b593
                           .group:00000000 wm4.r_dmac_lld_cfg_rza2m.h.35.50e14b1855eac36f6b7e2eaf57bda29c
                           .group:00000000 wm4.r_dmac_drv_api.h.38.3f633d0a672a1c8d5076ce5415151888
                           .group:00000000 wm4.r_startup_config.h.28.41a2bd9676f9208cac4163ceb2eb9006
                           .group:00000000 wm4.r_compiler_abstraction_api.h.26.bb21b39b83806cb7bb8838b6f825dcff
                           .group:00000000 wm4.r_os_abstraction_api.h.60.0331cc3a2f471de784d61b225d2e9127
                           .group:00000000 wm4.compiler_settings.h.55.412db3588640e7e83336e77c1cd11233
                           .group:00000000 wm4.r_dmac_drv_sc_cfg.h.56.4eb64f02fb9c1ad6ae4e7147704e1fee
                           .group:00000000 wm4.r_dmac_lld_rza2m.h.42.6d0903f61c43067f639b84d7ff4702eb
                           .group:00000000 wm4.r_intc_lld_rza2m.h.35.148dee33e6a963828fdce2545668b517

UNDEFINED SYMBOLS
R_DMAC_InitialiseData
R_DMAC_HWInitialise
R_DMAC_InitialiseInterrupts
R_DMAC_UnInitialiseInterrupts
R_DMAC_HWUninitialise
R_DMAC_EnableChannelInterrupt
R_DMAC_Enable
R_DMAC_DisableChannelInterrupt
R_DMAC_Disable
R_DMAC_OpenChannel
